desc: --stacks=yes
cmd: *REDACTED*
time_unit: i
#-----------
snapshot=0
#-----------
time=0
mem_heap_B=0
mem_heap_extra_B=0
mem_stacks_B=0
heap_tree=empty
#-----------
snapshot=1
#-----------
time=38050747
mem_heap_B=5304877
mem_heap_extra_B=125891
mem_stacks_B=74128
heap_tree=peak

#-----------
snapshot=2
#-----------
time=14548582364
mem_heap_B=4812811
mem_heap_extra_B=126181
mem_stacks_B=73168
heap_tree=empty
#-----------
snapshot=3
#-----------
time=25843436408
mem_heap_B=4794489
mem_heap_extra_B=125831
mem_stacks_B=67256
heap_tree=empty
#-----------
snapshot=4
#-----------
time=35733974819
mem_heap_B=4794489
mem_heap_extra_B=125831
mem_stacks_B=67256
heap_tree=empty
#-----------
snapshot=5
#-----------
time=42322991959
mem_heap_B=4794489
mem_heap_extra_B=125847
mem_stacks_B=68664
heap_tree=empty
#-----------
snapshot=6
#-----------
time=51395056211
mem_heap_B=4794489
mem_heap_extra_B=125847
mem_stacks_B=68664
heap_tree=empty
#-----------
snapshot=7
#-----------
time=63328346350
mem_heap_B=4794489
mem_heap_extra_B=125831
mem_stacks_B=67256
heap_tree=empty
#-----------
snapshot=8
#-----------
time=71434552703
mem_heap_B=4794489
mem_heap_extra_B=125831
mem_stacks_B=67256
heap_tree=empty
#-----------
snapshot=9
#-----------
time=78729982099
mem_heap_B=4794489
mem_heap_extra_B=125831
mem_stacks_B=67256
heap_tree=empty
#-----------
snapshot=10
#-----------
time=88454114278
mem_heap_B=4794489
mem_heap_extra_B=125831
mem_stacks_B=67256
heap_tree=empty
#-----------
snapshot=11
#-----------
time=94938981007
mem_heap_B=4796051
mem_heap_extra_B=126133
mem_stacks_B=69544
heap_tree=empty
#-----------
snapshot=12
#-----------
time=107653508702
mem_heap_B=4794489
mem_heap_extra_B=125847
mem_stacks_B=68664
heap_tree=empty
#-----------
snapshot=13
#-----------
time=117619474873
mem_heap_B=4794489
mem_heap_extra_B=125831
mem_stacks_B=68664
heap_tree=empty
#-----------
snapshot=14
#-----------
time=131333581728
mem_heap_B=4794489
mem_heap_extra_B=125847
mem_stacks_B=68664
heap_tree=empty
#-----------
snapshot=15
#-----------
time=137566729543
mem_heap_B=5212969
mem_heap_extra_B=125903
mem_stacks_B=69048
heap_tree=empty
#-----------
snapshot=16
#-----------
time=147540452282
mem_heap_B=5212969
mem_heap_extra_B=125887
mem_stacks_B=69048
heap_tree=empty
#-----------
snapshot=17
#-----------
time=157505859373
mem_heap_B=4795073
mem_heap_extra_B=125879
mem_stacks_B=68664
heap_tree=empty
#-----------
snapshot=18
#-----------
time=168059588762
mem_heap_B=4795073
mem_heap_extra_B=125847
mem_stacks_B=67256
heap_tree=empty
#-----------
snapshot=19
#-----------
time=178863143079
mem_heap_B=4795073
mem_heap_extra_B=125847
mem_stacks_B=68664
heap_tree=empty
#-----------
snapshot=20
#-----------
time=191828295982
mem_heap_B=4795073
mem_heap_extra_B=125863
mem_stacks_B=68664
heap_tree=empty
#-----------
snapshot=21
#-----------
time=200471261904
mem_heap_B=4796635
mem_heap_extra_B=126117
mem_stacks_B=70952
heap_tree=empty
#-----------
snapshot=22
#-----------
time=209113275907
mem_heap_B=4795073
mem_heap_extra_B=125847
mem_stacks_B=68664
heap_tree=empty
#-----------
snapshot=23
#-----------
time=219918525564
mem_heap_B=4795073
mem_heap_extra_B=125847
mem_stacks_B=67256
heap_tree=empty
#-----------
snapshot=24
#-----------
time=228560820452
mem_heap_B=4795073
mem_heap_extra_B=125879
mem_stacks_B=67256
heap_tree=detailed

#-----------
snapshot=25
#-----------
time=237203896694
mem_heap_B=4813075
mem_heap_extra_B=126157
mem_stacks_B=74712
heap_tree=empty
#-----------
snapshot=26
#-----------
time=245845022590
mem_heap_B=4795073
mem_heap_extra_B=125863
mem_stacks_B=68664
heap_tree=empty
#-----------
snapshot=27
#-----------
time=256648563251
mem_heap_B=4795073
mem_heap_extra_B=125863
mem_stacks_B=73968
heap_tree=empty
#-----------
snapshot=28
#-----------
time=265290688924
mem_heap_B=4795073
mem_heap_extra_B=125863
mem_stacks_B=67256
heap_tree=empty
#-----------
snapshot=29
#-----------
time=279254841970
mem_heap_B=4813395
mem_heap_extra_B=126101
mem_stacks_B=73168
heap_tree=empty
#-----------
snapshot=30
#-----------
time=286738191821
mem_heap_B=4795073
mem_heap_extra_B=125847
mem_stacks_B=67256
heap_tree=empty
#-----------
snapshot=31
#-----------
time=294221147209
mem_heap_B=4795073
mem_heap_extra_B=125863
mem_stacks_B=67256
heap_tree=empty
#-----------
snapshot=32
#-----------
time=301702648724
mem_heap_B=4813395
mem_heap_extra_B=126101
mem_stacks_B=76120
heap_tree=empty
#-----------
snapshot=33
#-----------
time=312925621602
mem_heap_B=5212969
mem_heap_extra_B=125887
mem_stacks_B=69048
heap_tree=empty
#-----------
snapshot=34
#-----------
time=320407995630
mem_heap_B=5212969
mem_heap_extra_B=125919
mem_stacks_B=69048
heap_tree=empty
#-----------
snapshot=35
#-----------
time=327892331545
mem_heap_B=4795073
mem_heap_extra_B=125847
mem_stacks_B=73968
heap_tree=empty
#-----------
snapshot=36
#-----------
time=335375498786
mem_heap_B=4795073
mem_heap_extra_B=125847
mem_stacks_B=67256
heap_tree=empty
#-----------
snapshot=37
#-----------
time=342859415572
mem_heap_B=4795073
mem_heap_extra_B=125847
mem_stacks_B=67256
heap_tree=empty
#-----------
snapshot=38
#-----------
time=354083155984
mem_heap_B=4795073
mem_heap_extra_B=125847
mem_stacks_B=69048
heap_tree=empty
#-----------
snapshot=39
#-----------
time=361564733047
mem_heap_B=4795073
mem_heap_extra_B=125863
mem_stacks_B=67256
heap_tree=empty
#-----------
snapshot=40
#-----------
time=369048258423
mem_heap_B=4795073
mem_heap_extra_B=125847
mem_stacks_B=67384
heap_tree=empty
#-----------
snapshot=41
#-----------
time=380272556559
mem_heap_B=4795073
mem_heap_extra_B=125847
mem_stacks_B=69048
heap_tree=empty
#-----------
snapshot=42
#-----------
time=395236310735
mem_heap_B=4795073
mem_heap_extra_B=125863
mem_stacks_B=67256
heap_tree=empty
#-----------
snapshot=43
#-----------
time=402719969624
mem_heap_B=4813397
mem_heap_extra_B=126091
mem_stacks_B=74520
heap_tree=empty
#-----------
snapshot=44
#-----------
time=410201701283
mem_heap_B=4795073
mem_heap_extra_B=125847
mem_stacks_B=68664
heap_tree=empty
#-----------
snapshot=45
#-----------
time=421424734000
mem_heap_B=4795073
mem_heap_extra_B=125847
mem_stacks_B=67256
heap_tree=detailed

#-----------
snapshot=46
#-----------
time=432650698796
mem_heap_B=4813075
mem_heap_extra_B=126077
mem_stacks_B=74712
heap_tree=empty
#-----------
snapshot=47
#-----------
time=443875158363
mem_heap_B=4795073
mem_heap_extra_B=125847
mem_stacks_B=67256
heap_tree=empty
#-----------
snapshot=48
#-----------
time=451358368220
mem_heap_B=4795073
mem_heap_extra_B=125847
mem_stacks_B=67256
heap_tree=empty
#-----------
snapshot=49
#-----------
time=458840685066
mem_heap_B=4795073
mem_heap_extra_B=125847
mem_stacks_B=68664
heap_tree=detailed

#-----------
snapshot=50
#-----------
time=460778903740
mem_heap_B=4795073
mem_heap_extra_B=125847
mem_stacks_B=68664
heap_tree=empty
#-----------
snapshot=51
#-----------
time=462719370082
mem_heap_B=4795073
mem_heap_extra_B=125847
mem_stacks_B=67128
heap_tree=empty
#-----------
snapshot=52
#-----------
time=464657611255
mem_heap_B=4813397
mem_heap_extra_B=126219
mem_stacks_B=76312
heap_tree=empty
#-----------
snapshot=53
#-----------
time=466596709668
mem_heap_B=4813395
mem_heap_extra_B=126181
mem_stacks_B=74576
heap_tree=empty
#-----------
snapshot=54
#-----------
time=468535554638
mem_heap_B=4795073
mem_heap_extra_B=125847
mem_stacks_B=68664
heap_tree=empty
#-----------
snapshot=55
#-----------
time=470476111402
mem_heap_B=4813075
mem_heap_extra_B=126173
mem_stacks_B=74712
heap_tree=empty
#-----------
snapshot=56
#-----------
time=472414586249
mem_heap_B=5212865
mem_heap_extra_B=125855
mem_stacks_B=76760
heap_tree=empty
#-----------
snapshot=57
#-----------
time=474353336886
mem_heap_B=4795073
mem_heap_extra_B=125863
mem_stacks_B=68664
heap_tree=empty
#-----------
snapshot=58
#-----------
time=476291713978
mem_heap_B=4795073
mem_heap_extra_B=125879
mem_stacks_B=75376
heap_tree=empty
#-----------
snapshot=59
#-----------
time=478232307596
mem_heap_B=4795073
mem_heap_extra_B=125847
mem_stacks_B=67256
heap_tree=detailed

#-----------
snapshot=60
#-----------
time=480170810261
mem_heap_B=5212865
mem_heap_extra_B=125871
mem_stacks_B=76760
heap_tree=empty
#-----------
snapshot=61
#-----------
time=482109481841
mem_heap_B=4795073
mem_heap_extra_B=125863
mem_stacks_B=68664
heap_tree=empty
#-----------
snapshot=62
#-----------
time=484047848639
mem_heap_B=4795073
mem_heap_extra_B=125847
mem_stacks_B=68664
heap_tree=empty
#-----------
snapshot=63
#-----------
time=485986884337
mem_heap_B=4795073
mem_heap_extra_B=125847
mem_stacks_B=68664
heap_tree=empty
#-----------
snapshot=64
#-----------
time=487925464307
mem_heap_B=4795073
mem_heap_extra_B=125847
mem_stacks_B=68664
heap_tree=empty
#-----------
snapshot=65
#-----------
time=489866124911
mem_heap_B=4795073
mem_heap_extra_B=125863
mem_stacks_B=67256
heap_tree=empty
#-----------
snapshot=66
#-----------
time=491804537807
mem_heap_B=5212865
mem_heap_extra_B=125855
mem_stacks_B=76760
heap_tree=empty
#-----------
snapshot=67
#-----------
time=493743775550
mem_heap_B=4795073
mem_heap_extra_B=125863
mem_stacks_B=70952
heap_tree=empty
